Archive member included to satisfy reference by file (symbol)

/Users/bernabeu-a/bin/msp430-gcc-9.3.1.11_macos/bin/../lib/gcc/msp430-elf/9.3.1/large/full-memory-range/libmul_f5.a(lib2hw_mul_f5.o)
                              build/main.c.o (__mspabi_mpyi_f5hw)
/Users/bernabeu-a/bin/msp430-gcc-9.3.1.11_macos/bin/../lib/gcc/msp430-elf/9.3.1/../../../../msp430-elf/lib/large/full-memory-range/libc.a(lib_a-memcpy.o)
                              build/dnn.c.o (memcpy)
/Users/bernabeu-a/bin/msp430-gcc-9.3.1.11_macos/bin/../lib/gcc/msp430-elf/9.3.1/../../../../msp430-elf/lib/large/full-memory-range/libc.a(lib_a-memset.o)
                              build/mat.c.o (memset)
/Users/bernabeu-a/bin/msp430-gcc-9.3.1.11_macos/bin/../lib/gcc/msp430-elf/9.3.1/large/full-memory-range/libgcc.a(lib2divHI.o)
                              build/dnn.c.o (__mspabi_divu)
/Users/bernabeu-a/bin/msp430-gcc-9.3.1.11_macos/bin/../lib/gcc/msp430-elf/9.3.1/large/full-memory-range/libgcc.a(lib2divSI.o)
                              build/fixed.c.o (__mspabi_divli)
/Users/bernabeu-a/bin/msp430-gcc-9.3.1.11_macos/bin/../lib/gcc/msp430-elf/9.3.1/large/full-memory-range/libgcc.a(slli.o)
                              build/os/tpl_os_kernel.c.o (__mspabi_slli)
/Users/bernabeu-a/bin/msp430-gcc-9.3.1.11_macos/bin/../lib/gcc/msp430-elf/9.3.1/large/full-memory-range/libgcc.a(srai.o)
                              /Users/bernabeu-a/bin/msp430-gcc-9.3.1.11_macos/bin/../lib/gcc/msp430-elf/9.3.1/large/full-memory-range/libgcc.a(lib2divSI.o) (__mspabi_sral)
/Users/bernabeu-a/bin/msp430-gcc-9.3.1.11_macos/bin/../lib/gcc/msp430-elf/9.3.1/large/full-memory-range/libgcc.a(srli.o)
                              build/machines/msp430x/large/tpl_machine_msp430x.c.o (__mspabi_srll_4)
/Users/bernabeu-a/bin/msp430-gcc-9.3.1.11_macos/bin/../lib/gcc/msp430-elf/9.3.1/large/full-memory-range/libgcc.a(_udivdi3.o)
                              /Users/bernabeu-a/bin/msp430-gcc-9.3.1.11_macos/bin/../lib/gcc/msp430-elf/9.3.1/large/full-memory-range/libgcc.a(lib2divSI.o) (__mspabi_divull)
/Users/bernabeu-a/bin/msp430-gcc-9.3.1.11_macos/bin/../lib/gcc/msp430-elf/9.3.1/large/full-memory-range/libgcc.a(_clzdi2.o)
                              /Users/bernabeu-a/bin/msp430-gcc-9.3.1.11_macos/bin/../lib/gcc/msp430-elf/9.3.1/large/full-memory-range/libgcc.a(_udivdi3.o) (__clzdi2)
/Users/bernabeu-a/bin/msp430-gcc-9.3.1.11_macos/bin/../lib/gcc/msp430-elf/9.3.1/large/full-memory-range/libgcc.a(_clz.o)
                              /Users/bernabeu-a/bin/msp430-gcc-9.3.1.11_macos/bin/../lib/gcc/msp430-elf/9.3.1/large/full-memory-range/libgcc.a(_clzdi2.o) (__clz_tab)

Discarded input sections

 .group         0x0000000000000000        0xc build/os/tpl_os_kernel.c.o
 .group         0x0000000000000000        0xc build/os/tpl_os_kernel.c.o
 .group         0x0000000000000000        0xc build/os/tpl_os_kernel.c.o
 .group         0x0000000000000000        0xc build/os/tpl_os_kernel.c.o
 .group         0x0000000000000000        0xc build/os/tpl_os_kernel.c.o
 .group         0x0000000000000000        0xc build/os/tpl_os_kernel.c.o
 .group         0x0000000000000000        0xc build/os/tpl_os_kernel.c.o
 .group         0x0000000000000000        0xc build/os/tpl_os_kernel.c.o
 .group         0x0000000000000000        0xc build/os/tpl_os_kernel.c.o
 .group         0x0000000000000000        0xc build/os/tpl_os_kernel.c.o
 .group         0x0000000000000000        0xc build/os/tpl_os_kernel.c.o
 .group         0x0000000000000000        0xc build/os/tpl_os_kernel.c.o
 .group         0x0000000000000000        0xc build/os/tpl_os_kernel.c.o
 .group         0x0000000000000000        0xc build/os/tpl_os_kernel.c.o
 .group         0x0000000000000000        0xc build/os/tpl_os_kernel.c.o
 .group         0x0000000000000000        0xc build/os/tpl_os_kernel.c.o
 .group         0x0000000000000000        0xc build/os/tpl_os_kernel.c.o
 .group         0x0000000000000000        0xc build/os/tpl_os_kernel.c.o
 .group         0x0000000000000000        0xc build/os/tpl_os_kernel.c.o
 .group         0x0000000000000000        0xc build/os/tpl_os_kernel.c.o
 .group         0x0000000000000000        0xc build/os/tpl_os_kernel.c.o
 .group         0x0000000000000000        0xc build/os/tpl_os_kernel.c.o
 .group         0x0000000000000000        0xc build/os/tpl_os_kernel.c.o
 .group         0x0000000000000000        0xc build/os/tpl_os_kernel.c.o
 .group         0x0000000000000000        0xc build/os/tpl_os_kernel.c.o
 .group         0x0000000000000000        0xc build/os/tpl_os_kernel.c.o
 .group         0x0000000000000000        0xc build/os/tpl_os_kernel.c.o
 .group         0x0000000000000000        0xc build/os/tpl_os_kernel.c.o
 .group         0x0000000000000000        0xc build/os/tpl_os_kernel.c.o
 .group         0x0000000000000000        0xc build/os/tpl_os_kernel.c.o
 .text          0x0000000000000000        0x0 build/os/tpl_os_kernel.c.o
 .data          0x0000000000000000        0x0 build/os/tpl_os_kernel.c.o
[...]
Memory Configuration

Name             Origin             Length             Attributes
VECTOR           0x000000000000ffb4 0x000000000000004c xr
FRAM             0x0000000000004000 0x000000000000bf80 xr
FRAM_UP          0x0000000000010000 0x0000000000030000 rw
FRAM_CHKPT_1     0x0000000000042000 0x0000000000002000 rw
FRAM_CHKPT_0     0x0000000000040000 0x0000000000002000 rw
RAM              0x0000000000001c00 0x0000000000002000 xrw
*default*        0x0000000000000000 0xffffffffffffffff

Linker script and memory map

LOAD build/os/tpl_os_kernel.c.o
LOAD build/os/tpl_os_timeobj_kernel.c.o
LOAD build/os/tpl_os_action.c.o
LOAD build/os/tpl_os_error.c.o
LOAD build/os/tpl_os_os_kernel.c.o
LOAD build/os/tpl_os_os.c.o
LOAD build/os/tpl_os_interrupt_kernel.c.o
LOAD build/os/tpl_os_task_kernel.c.o
LOAD build/os/tpl_os_resource_kernel.c.o
LOAD build/os/tpl_chkpt_checkpoint_kernel.c.o
LOAD build/os/tpl_resurrect_kernel.c.o
LOAD build/main.c.o
LOAD build/dnn.c.o
LOAD build/dnn_calc.c.o
LOAD build/fixed.c.o
LOAD build/mat.c.o
LOAD build/main/tpl_app_config.c.o
LOAD build/main/tpl_dispatch_table.c.o
LOAD build/main/tpl_invoque.S.o
LOAD build/main/tpl_resurrect.c.o
LOAD build/machines/msp430x/large/tpl_machine_msp430x.c.o
LOAD build/machines/msp430x/large/tpl_startup.c.o
LOAD build/machines/msp430x/large/tpl_clocks.c.o
LOAD build/machines/msp430x/large/tpl_checkpointing.c.o
LOAD build/machines/msp430x/large/tpl_checkpoint.c.o
LOAD build/machines/msp430x/large/msp430fr5994/launchpad/checkpointing/ref_a.c.o
LOAD build/machines/msp430x/large/msp430fr5994/launchpad/checkpointing/adc12_b.c.o
LOAD build/machines/msp430x/large/msp430fr5994/launchpad/checkpointing/tpl_chkpt_adc.c.o
LOAD build/machines/msp430x/large/msp430fr5994/launchpad/checkpointing/tpl_chkpt_io.c.o
LOAD build/main/tpl_irq_handlers.S.o
LOAD build/machines/msp430x/large/tpl_startup.S.o
LOAD build/machines/msp430x/large/tpl_sc_handler.S.o
LOAD build/machines/msp430x/large/framtr.S.o
LOAD /Users/bernabeu-a/bin/msp430-gcc-9.3.1.11_macos/bin/../lib/gcc/msp430-elf/9.3.1/large/full-memory-range/libmul_f5.a
                0x0000000000000800                PROVIDE (ADC12CTL0 = 0x800)
                [!provide]                        PROVIDE (ADC12CTL0_L = 0x800)
                [!provide]                        PROVIDE (ADC12CTL0_H = 0x801)
                0x0000000000000802                PROVIDE (ADC12CTL1 = 0x802)
                [!provide]                        PROVIDE (ADC12CTL1_L = 0x802)
                [!provide]                        PROVIDE (ADC12CTL1_H = 0x803)
                0x0000000000000804                PROVIDE (ADC12CTL2 = 0x804)
                [!provide]                        PROVIDE (ADC12CTL2_L = 0x804)
                [!provide]                        PROVIDE (ADC12CTL2_H = 0x805)
                0x0000000000000806                PROVIDE (ADC12CTL3 = 0x806)
                [!provide]                        PROVIDE (ADC12CTL3_L = 0x806)
                [!provide]                        PROVIDE (ADC12CTL3_H = 0x807)
                [!provide]                        PROVIDE (ADC12LO = 0x808)
                [!provide]                        PROVIDE (ADC12LO_L = 0x808)
                [!provide]                        PROVIDE (ADC12LO_H = 0x809)
                [!provide]                        PROVIDE (ADC12HI = 0x80a)
                [!provide]                        PROVIDE (ADC12HI_L = 0x80a)
                [!provide]                        PROVIDE (ADC12HI_H = 0x80b)
                0x000000000000080c                PROVIDE (ADC12IFGR0 = 0x80c)
                [!provide]                        PROVIDE (ADC12IFGR0_L = 0x80c)
                [!provide]                        PROVIDE (ADC12IFGR0_H = 0x80d)
                [!provide]                        PROVIDE (ADC12IFGR1 = 0x80e)
                [!provide]                        PROVIDE (ADC12IFGR1_L = 0x80e)
                [!provide]                        PROVIDE (ADC12IFGR1_H = 0x80f)
                [!provide]                        PROVIDE (ADC12IFGR2 = 0x810)
                [!provide]                        PROVIDE (ADC12IFGR2_L = 0x810)
                [!provide]                        PROVIDE (ADC12IFGR2_H = 0x811)
                [!provide]                        PROVIDE (ADC12IER0 = 0x812)
                [!provide]                        PROVIDE (ADC12IER0_L = 0x812)
                [!provide]                        PROVIDE (ADC12IER0_H = 0x813)
                [!provide]                        PROVIDE (ADC12IER1 = 0x814)
                [!provide]                        PROVIDE (ADC12IER1_L = 0x814)
                [!provide]                        PROVIDE (ADC12IER1_H = 0x815)
                [!provide]                        PROVIDE (ADC12IER2 = 0x816)
                [!provide]                        PROVIDE (ADC12IER2_L = 0x816)
                [!provide]                        PROVIDE (ADC12IER2_H = 0x817)
                [!provide]                        PROVIDE (ADC12IV = 0x818)
                [!provide]                        PROVIDE (ADC12IV_L = 0x818)
                [!provide]                        PROVIDE (ADC12IV_H = 0x819)
                0x0000000000000820                PROVIDE (ADC12MCTL0 = 0x820)
                [!provide]                        PROVIDE (ADC12MCTL0_L = 0x820)
                [!provide]                        PROVIDE (ADC12MCTL0_H = 0x821)
                [!provide]                        PROVIDE (ADC12MCTL1 = 0x822)
                [!provide]                        PROVIDE (ADC12MCTL1_L = 0x822)
                [!provide]                        PROVIDE (ADC12MCTL1_H = 0x823)
                [!provide]                        PROVIDE (ADC12MCTL2 = 0x824)
                [!provide]                        PROVIDE (ADC12MCTL2_L = 0x824)
                [!provide]                        PROVIDE (ADC12MCTL2_H = 0x825)
                [!provide]                        PROVIDE (ADC12MCTL3 = 0x826)
                [!provide]                        PROVIDE (ADC12MCTL3_L = 0x826)
                [!provide]                        PROVIDE (ADC12MCTL3_H = 0x827)
                [!provide]                        PROVIDE (ADC12MCTL4 = 0x828)
                [!provide]                        PROVIDE (ADC12MCTL4_L = 0x828)
                [!provide]                        PROVIDE (ADC12MCTL4_H = 0x829)
                [!provide]                        PROVIDE (ADC12MCTL5 = 0x82a)
                [!provide]                        PROVIDE (ADC12MCTL5_L = 0x82a)
                [!provide]                        PROVIDE (ADC12MCTL5_H = 0x82b)
                [!provide]                        PROVIDE (ADC12MCTL6 = 0x82c)
                [!provide]                        PROVIDE (ADC12MCTL6_L = 0x82c)
                [!provide]                        PROVIDE (ADC12MCTL6_H = 0x82d)
                [!provide]                        PROVIDE (ADC12MCTL7 = 0x82e)
                [!provide]                        PROVIDE (ADC12MCTL7_L = 0x82e)
                [!provide]                        PROVIDE (ADC12MCTL7_H = 0x82f)
                [!provide]                        PROVIDE (ADC12MCTL8 = 0x830)
                [!provide]                        PROVIDE (ADC12MCTL8_L = 0x830)
                [!provide]                        PROVIDE (ADC12MCTL8_H = 0x831)
                [!provide]                        PROVIDE (ADC12MCTL9 = 0x832)
                [!provide]                        PROVIDE (ADC12MCTL9_L = 0x832)
                [!provide]                        PROVIDE (ADC12MCTL9_H = 0x833)
                [!provide]                        PROVIDE (ADC12MCTL10 = 0x834)
                [!provide]                        PROVIDE (ADC12MCTL10_L = 0x834)
                [!provide]                        PROVIDE (ADC12MCTL10_H = 0x835)
                [!provide]                        PROVIDE (ADC12MCTL11 = 0x836)
                [!provide]                        PROVIDE (ADC12MCTL11_L = 0x836)
                [!provide]                        PROVIDE (ADC12MCTL11_H = 0x837)
                [!provide]                        PROVIDE (ADC12MCTL12 = 0x838)
                [!provide]                        PROVIDE (ADC12MCTL12_L = 0x838)
                [!provide]                        PROVIDE (ADC12MCTL12_H = 0x839)
                [!provide]                        PROVIDE (ADC12MCTL13 = 0x83a)
                [!provide]                        PROVIDE (ADC12MCTL13_L = 0x83a)
                [!provide]                        PROVIDE (ADC12MCTL13_H = 0x83b)
                [!provide]                        PROVIDE (ADC12MCTL14 = 0x83c)
                [!provide]                        PROVIDE (ADC12MCTL14_L = 0x83c)
                [!provide]                        PROVIDE (ADC12MCTL14_H = 0x83d)
                [!provide]                        PROVIDE (ADC12MCTL15 = 0x83e)
                [!provide]                        PROVIDE (ADC12MCTL15_L = 0x83e)
                [!provide]                        PROVIDE (ADC12MCTL15_H = 0x83f)
                [!provide]                        PROVIDE (ADC12MCTL16 = 0x840)
                [!provide]                        PROVIDE (ADC12MCTL16_L = 0x840)
                [!provide]                        PROVIDE (ADC12MCTL16_H = 0x841)
                [!provide]                        PROVIDE (ADC12MCTL17 = 0x842)
                [!provide]                        PROVIDE (ADC12MCTL17_L = 0x842)
                [!provide]                        PROVIDE (ADC12MCTL17_H = 0x843)
                [!provide]                        PROVIDE (ADC12MCTL18 = 0x844)
                [!provide]                        PROVIDE (ADC12MCTL18_L = 0x844)
                [!provide]                        PROVIDE (ADC12MCTL18_H = 0x845)
                [!provide]                        PROVIDE (ADC12MCTL19 = 0x846)
                [!provide]                        PROVIDE (ADC12MCTL19_L = 0x846)
                [!provide]                        PROVIDE (ADC12MCTL19_H = 0x847)
                [!provide]                        PROVIDE (ADC12MCTL20 = 0x848)
                [!provide]                        PROVIDE (ADC12MCTL20_L = 0x848)
                [!provide]                        PROVIDE (ADC12MCTL20_H = 0x849)
                [!provide]                        PROVIDE (ADC12MCTL21 = 0x84a)
                [!provide]                        PROVIDE (ADC12MCTL21_L = 0x84a)
                [!provide]                        PROVIDE (ADC12MCTL21_H = 0x84b)
                [!provide]                        PROVIDE (ADC12MCTL22 = 0x84c)
                [!provide]                        PROVIDE (ADC12MCTL22_L = 0x84c)
                [!provide]                        PROVIDE (ADC12MCTL22_H = 0x84d)
                [!provide]                        PROVIDE (ADC12MCTL23 = 0x84e)
                [!provide]                        PROVIDE (ADC12MCTL23_L = 0x84e)
                [!provide]                        PROVIDE (ADC12MCTL23_H = 0x84f)
                [!provide]                        PROVIDE (ADC12MCTL24 = 0x850)
                [!provide]                        PROVIDE (ADC12MCTL24_L = 0x850)
                [!provide]                        PROVIDE (ADC12MCTL24_H = 0x851)
                [!provide]                        PROVIDE (ADC12MCTL25 = 0x852)
                [!provide]                        PROVIDE (ADC12MCTL25_L = 0x852)
                [!provide]                        PROVIDE (ADC12MCTL25_H = 0x853)
                [!provide]                        PROVIDE (ADC12MCTL26 = 0x854)
                [!provide]                        PROVIDE (ADC12MCTL26_L = 0x854)
                [!provide]                        PROVIDE (ADC12MCTL26_H = 0x855)
                [!provide]                        PROVIDE (ADC12MCTL27 = 0x856)
                [!provide]                        PROVIDE (ADC12MCTL27_L = 0x856)
                [!provide]                        PROVIDE (ADC12MCTL27_H = 0x857)
                [!provide]                        PROVIDE (ADC12MCTL28 = 0x858)
                [!provide]                        PROVIDE (ADC12MCTL28_L = 0x858)
                [!provide]                        PROVIDE (ADC12MCTL28_H = 0x859)
                [!provide]                        PROVIDE (ADC12MCTL29 = 0x85a)
                [!provide]                        PROVIDE (ADC12MCTL29_L = 0x85a)
                [!provide]                        PROVIDE (ADC12MCTL29_H = 0x85b)
                [!provide]                        PROVIDE (ADC12MCTL30 = 0x85c)
                [!provide]                        PROVIDE (ADC12MCTL30_L = 0x85c)
                [!provide]                        PROVIDE (ADC12MCTL30_H = 0x85d)
                [!provide]                        PROVIDE (ADC12MCTL31 = 0x85e)
                [!provide]                        PROVIDE (ADC12MCTL31_L = 0x85e)
                [!provide]                        PROVIDE (ADC12MCTL31_H = 0x85f)
                0x0000000000000860                PROVIDE (ADC12MEM0 = 0x860)
                [!provide]                        PROVIDE (ADC12MEM0_L = 0x860)
                [!provide]                        PROVIDE (ADC12MEM0_H = 0x861)
                [!provide]                        PROVIDE (ADC12MEM1 = 0x862)
                [!provide]                        PROVIDE (ADC12MEM1_L = 0x862)
                [!provide]                        PROVIDE (ADC12MEM1_H = 0x863)
                [!provide]                        PROVIDE (ADC12MEM2 = 0x864)
                [!provide]                        PROVIDE (ADC12MEM2_L = 0x864)
                [!provide]                        PROVIDE (ADC12MEM2_H = 0x865)
                [!provide]                        PROVIDE (ADC12MEM3 = 0x866)
                [!provide]                        PROVIDE (ADC12MEM3_L = 0x866)
                [!provide]                        PROVIDE (ADC12MEM3_H = 0x867)
                [!provide]                        PROVIDE (ADC12MEM4 = 0x868)
                [!provide]                        PROVIDE (ADC12MEM4_L = 0x868)
                [!provide]                        PROVIDE (ADC12MEM4_H = 0x869)
                [!provide]                        PROVIDE (ADC12MEM5 = 0x86a)
                [!provide]                        PROVIDE (ADC12MEM5_L = 0x86a)
                [!provide]                        PROVIDE (ADC12MEM5_H = 0x86b)
                [!provide]                        PROVIDE (ADC12MEM6 = 0x86c)
                [!provide]                        PROVIDE (ADC12MEM6_L = 0x86c)
                [!provide]                        PROVIDE (ADC12MEM6_H = 0x86d)
                [!provide]                        PROVIDE (ADC12MEM7 = 0x86e)
                [!provide]                        PROVIDE (ADC12MEM7_L = 0x86e)
                [!provide]                        PROVIDE (ADC12MEM7_H = 0x86f)
                [!provide]                        PROVIDE (ADC12MEM8 = 0x870)
                [!provide]                        PROVIDE (ADC12MEM8_L = 0x870)
                [!provide]                        PROVIDE (ADC12MEM8_H = 0x871)
                [!provide]                        PROVIDE (ADC12MEM9 = 0x872)
                [!provide]                        PROVIDE (ADC12MEM9_L = 0x872)
                [!provide]                        PROVIDE (ADC12MEM9_H = 0x873)
                [!provide]                        PROVIDE (ADC12MEM10 = 0x874)
                [!provide]                        PROVIDE (ADC12MEM10_L = 0x874)
                [!provide]                        PROVIDE (ADC12MEM10_H = 0x875)
                [!provide]                        PROVIDE (ADC12MEM11 = 0x876)
                [!provide]                        PROVIDE (ADC12MEM11_L = 0x876)
                [!provide]                        PROVIDE (ADC12MEM11_H = 0x877)
                [!provide]                        PROVIDE (ADC12MEM12 = 0x878)
                [!provide]                        PROVIDE (ADC12MEM12_L = 0x878)
                [!provide]                        PROVIDE (ADC12MEM12_H = 0x879)
                [!provide]                        PROVIDE (ADC12MEM13 = 0x87a)
                [!provide]                        PROVIDE (ADC12MEM13_L = 0x87a)
                [!provide]                        PROVIDE (ADC12MEM13_H = 0x87b)
                [!provide]                        PROVIDE (ADC12MEM14 = 0x87c)
                [!provide]                        PROVIDE (ADC12MEM14_L = 0x87c)
                [!provide]                        PROVIDE (ADC12MEM14_H = 0x87d)
                [!provide]                        PROVIDE (ADC12MEM15 = 0x87e)
                [!provide]                        PROVIDE (ADC12MEM15_L = 0x87e)
                [!provide]                        PROVIDE (ADC12MEM15_H = 0x87f)
                [!provide]                        PROVIDE (ADC12MEM16 = 0x880)
                [!provide]                        PROVIDE (ADC12MEM16_L = 0x880)
                [!provide]                        PROVIDE (ADC12MEM16_H = 0x881)
                [!provide]                        PROVIDE (ADC12MEM17 = 0x882)
                [!provide]                        PROVIDE (ADC12MEM17_L = 0x882)
                [!provide]                        PROVIDE (ADC12MEM17_H = 0x883)
                [!provide]                        PROVIDE (ADC12MEM18 = 0x884)
                [!provide]                        PROVIDE (ADC12MEM18_L = 0x884)
                [!provide]                        PROVIDE (ADC12MEM18_H = 0x885)
                [!provide]                        PROVIDE (ADC12MEM19 = 0x886)
                [!provide]                        PROVIDE (ADC12MEM19_L = 0x886)
                [!provide]                        PROVIDE (ADC12MEM19_H = 0x887)
                [!provide]                        PROVIDE (ADC12MEM20 = 0x888)
                [!provide]                        PROVIDE (ADC12MEM20_L = 0x888)
                [!provide]                        PROVIDE (ADC12MEM20_H = 0x889)
                [!provide]                        PROVIDE (ADC12MEM21 = 0x88a)
                [!provide]                        PROVIDE (ADC12MEM21_L = 0x88a)
                [!provide]                        PROVIDE (ADC12MEM21_H = 0x88b)
                [!provide]                        PROVIDE (ADC12MEM22 = 0x88c)
                [!provide]                        PROVIDE (ADC12MEM22_L = 0x88c)
                [!provide]                        PROVIDE (ADC12MEM22_H = 0x88d)
                [!provide]                        PROVIDE (ADC12MEM23 = 0x88e)
                [!provide]                        PROVIDE (ADC12MEM23_L = 0x88e)
                [!provide]                        PROVIDE (ADC12MEM23_H = 0x88f)
                [!provide]                        PROVIDE (ADC12MEM24 = 0x890)
                [!provide]                        PROVIDE (ADC12MEM24_L = 0x890)
                [!provide]                        PROVIDE (ADC12MEM24_H = 0x891)
                [!provide]                        PROVIDE (ADC12MEM25 = 0x892)
                [!provide]                        PROVIDE (ADC12MEM25_L = 0x892)
                [!provide]                        PROVIDE (ADC12MEM25_H = 0x893)
                [!provide]                        PROVIDE (ADC12MEM26 = 0x894)
                [!provide]                        PROVIDE (ADC12MEM26_L = 0x894)
                [!provide]                        PROVIDE (ADC12MEM26_H = 0x895)
                [!provide]                        PROVIDE (ADC12MEM27 = 0x896)
                [!provide]                        PROVIDE (ADC12MEM27_L = 0x896)
                [!provide]                        PROVIDE (ADC12MEM27_H = 0x897)
                [!provide]                        PROVIDE (ADC12MEM28 = 0x898)
                [!provide]                        PROVIDE (ADC12MEM28_L = 0x898)
                [!provide]                        PROVIDE (ADC12MEM28_H = 0x899)
                [!provide]                        PROVIDE (ADC12MEM29 = 0x89a)
                [!provide]                        PROVIDE (ADC12MEM29_L = 0x89a)
                [!provide]                        PROVIDE (ADC12MEM29_H = 0x89b)
                [!provide]                        PROVIDE (ADC12MEM30 = 0x89c)
                [!provide]                        PROVIDE (ADC12MEM30_L = 0x89c)
                [!provide]                        PROVIDE (ADC12MEM30_H = 0x89d)
                [!provide]                        PROVIDE (ADC12MEM31 = 0x89e)
                [!provide]                        PROVIDE (ADC12MEM31_L = 0x89e)
                [!provide]                        PROVIDE (ADC12MEM31_H = 0x89f)
                [!provide]                        PROVIDE (AESACTL0 = 0x9c0)
                [!provide]                        PROVIDE (AESACTL0_L = 0x9c0)
                [!provide]                        PROVIDE (AESACTL0_H = 0x9c1)
                [!provide]                        PROVIDE (AESACTL1 = 0x9c2)
                [!provide]                        PROVIDE (AESACTL1_L = 0x9c2)
                [!provide]                        PROVIDE (AESACTL1_H = 0x9c3)
                [!provide]                        PROVIDE (AESASTAT = 0x9c4)
                [!provide]                        PROVIDE (AESASTAT_L = 0x9c4)
                [!provide]                        PROVIDE (AESASTAT_H = 0x9c5)
                [!provide]                        PROVIDE (AESAKEY = 0x9c6)
                [!provide]                        PROVIDE (AESAKEY_L = 0x9c6)
                [!provide]                        PROVIDE (AESAKEY_H = 0x9c7)
                [!provide]                        PROVIDE (AESADIN = 0x9c8)
                [!provide]                        PROVIDE (AESADIN_L = 0x9c8)
                [!provide]                        PROVIDE (AESADIN_H = 0x9c9)
                [!provide]                        PROVIDE (AESADOUT = 0x9ca)
                [!provide]                        PROVIDE (AESADOUT_L = 0x9ca)
                [!provide]                        PROVIDE (AESADOUT_H = 0x9cb)
                [!provide]                        PROVIDE (AESAXDIN = 0x9cc)
                [!provide]                        PROVIDE (AESAXDIN_L = 0x9cc)
                [!provide]                        PROVIDE (AESAXDIN_H = 0x9cd)
                [!provide]                        PROVIDE (AESAXIN = 0x9ce)
                [!provide]                        PROVIDE (AESAXIN_L = 0x9ce)
                [!provide]                        PROVIDE (AESAXIN_H = 0x9cf)
                [!provide]                        PROVIDE (CAPTIO0CTL = 0x43e)
                [!provide]                        PROVIDE (CAPTIO0CTL_L = 0x43e)
                [!provide]                        PROVIDE (CAPTIO0CTL_H = 0x43f)
                [!provide]                        PROVIDE (CAPTIO1CTL = 0x47e)
                [!provide]                        PROVIDE (CAPTIO1CTL_L = 0x47e)
                [!provide]                        PROVIDE (CAPTIO1CTL_H = 0x47f)
                [!provide]                        PROVIDE (CECTL0 = 0x8c0)
                [!provide]                        PROVIDE (CECTL0_L = 0x8c0)
                [!provide]                        PROVIDE (CECTL0_H = 0x8c1)
                [!provide]                        PROVIDE (CECTL1 = 0x8c2)
                [!provide]                        PROVIDE (CECTL1_L = 0x8c2)
                [!provide]                        PROVIDE (CECTL1_H = 0x8c3)
                [!provide]                        PROVIDE (CECTL2 = 0x8c4)
                [!provide]                        PROVIDE (CECTL2_L = 0x8c4)
                [!provide]                        PROVIDE (CECTL2_H = 0x8c5)
                [!provide]                        PROVIDE (CECTL3 = 0x8c6)
                [!provide]                        PROVIDE (CECTL3_L = 0x8c6)
                [!provide]                        PROVIDE (CECTL3_H = 0x8c7)
                [!provide]                        PROVIDE (CEINT = 0x8cc)
                [!provide]                        PROVIDE (CEINT_L = 0x8cc)
                [!provide]                        PROVIDE (CEINT_H = 0x8cd)
                [!provide]                        PROVIDE (CEIV = 0x8ce)
                [!provide]                        PROVIDE (CEIV_L = 0x8ce)
                [!provide]                        PROVIDE (CEIV_H = 0x8cf)
                [!provide]                        PROVIDE (CRCDI = 0x150)
                [!provide]                        PROVIDE (CRCDI_L = 0x150)
                [!provide]                        PROVIDE (CRCDI_H = 0x151)
                [!provide]                        PROVIDE (CRCDIRB = 0x152)
                [!provide]                        PROVIDE (CRCDIRB_L = 0x152)
                [!provide]                        PROVIDE (CRCDIRB_H = 0x153)
                [!provide]                        PROVIDE (CRCINIRES = 0x154)
                [!provide]                        PROVIDE (CRCINIRES_L = 0x154)
                [!provide]                        PROVIDE (CRCINIRES_H = 0x155)
                [!provide]                        PROVIDE (CRCRESR = 0x156)
                [!provide]                        PROVIDE (CRCRESR_L = 0x156)
                [!provide]                        PROVIDE (CRCRESR_H = 0x157)
                [!provide]                        PROVIDE (CRC32DIW0 = 0x980)
                [!provide]                        PROVIDE (CRC32DIW0_L = 0x980)
                [!provide]                        PROVIDE (CRC32DIW0_H = 0x981)
                [!provide]                        PROVIDE (CRC32DIW1 = 0x982)
                [!provide]                        PROVIDE (CRC32DIW1_L = 0x982)
                [!provide]                        PROVIDE (CRC32DIW1_H = 0x983)
                [!provide]                        PROVIDE (CRC32DIRBW1 = 0x984)
                [!provide]                        PROVIDE (CRC32DIRBW1_L = 0x984)
                [!provide]                        PROVIDE (CRC32DIRBW1_H = 0x985)
                [!provide]                        PROVIDE (CRC32DIRBW0 = 0x986)
                [!provide]                        PROVIDE (CRC32DIRBW0_L = 0x986)
                [!provide]                        PROVIDE (CRC32DIRBW0_H = 0x987)
                [!provide]                        PROVIDE (CRC32INIRESW0 = 0x988)
                [!provide]                        PROVIDE (CRC32INIRESW0_L = 0x988)
                [!provide]                        PROVIDE (CRC32INIRESW0_H = 0x989)
                [!provide]                        PROVIDE (CRC32INIRESW1 = 0x98a)
                [!provide]                        PROVIDE (CRC32INIRESW1_L = 0x98a)
                [!provide]                        PROVIDE (CRC32INIRESW1_H = 0x98b)
                [!provide]                        PROVIDE (CRC32RESRW1 = 0x98c)
                [!provide]                        PROVIDE (CRC32RESRW1_L = 0x98c)
                [!provide]                        PROVIDE (CRC32RESRW1_H = 0x98d)
                [!provide]                        PROVIDE (CRC32RESRW0 = 0x98e)
                [!provide]                        PROVIDE (CRC32RESRW0_L = 0x98e)
                [!provide]                        PROVIDE (CRC32RESRW0_H = 0x98f)
                [!provide]                        PROVIDE (CRC16DIW0 = 0x990)
                [!provide]                        PROVIDE (CRC16DIW0_L = 0x990)
                [!provide]                        PROVIDE (CRC16DIW0_H = 0x991)
                [!provide]                        PROVIDE (CRC16DIRBW0 = 0x996)
                [!provide]                        PROVIDE (CRC16DIRBW0_L = 0x996)
                [!provide]                        PROVIDE (CRC16DIRBW0_H = 0x997)
                [!provide]                        PROVIDE (CRC16INIRESW0 = 0x998)
                [!provide]                        PROVIDE (CRC16INIRESW0_L = 0x998)
                [!provide]                        PROVIDE (CRC16INIRESW0_H = 0x999)
                [!provide]                        PROVIDE (CRC16RESRW0 = 0x99e)
                [!provide]                        PROVIDE (CRC16RESRW0_L = 0x99e)
                [!provide]                        PROVIDE (CRC16RESRW0_H = 0x99f)
                0x0000000000000160                PROVIDE (CSCTL0 = 0x160)
                [!provide]                        PROVIDE (CSCTL0_L = 0x160)
                0x0000000000000161                PROVIDE (CSCTL0_H = 0x161)
                0x0000000000000162                PROVIDE (CSCTL1 = 0x162)
                [!provide]                        PROVIDE (CSCTL1_L = 0x162)
                [!provide]                        PROVIDE (CSCTL1_H = 0x163)
                0x0000000000000164                PROVIDE (CSCTL2 = 0x164)
                [!provide]                        PROVIDE (CSCTL2_L = 0x164)
                [!provide]                        PROVIDE (CSCTL2_H = 0x165)
                0x0000000000000166                PROVIDE (CSCTL3 = 0x166)
                [!provide]                        PROVIDE (CSCTL3_L = 0x166)
                [!provide]                        PROVIDE (CSCTL3_H = 0x167)
                0x0000000000000168                PROVIDE (CSCTL4 = 0x168)
                [!provide]                        PROVIDE (CSCTL4_L = 0x168)
                [!provide]                        PROVIDE (CSCTL4_H = 0x169)
                0x000000000000016a                PROVIDE (CSCTL5 = 0x16a)
                [!provide]                        PROVIDE (CSCTL5_L = 0x16a)
                [!provide]                        PROVIDE (CSCTL5_H = 0x16b)
                [!provide]                        PROVIDE (CSCTL6 = 0x16c)
                [!provide]                        PROVIDE (CSCTL6_L = 0x16c)
                [!provide]                        PROVIDE (CSCTL6_H = 0x16d)
                [!provide]                        PROVIDE (PAIN = 0x200)
                [!provide]                        PROVIDE (PAIN_L = 0x200)
                [!provide]                        PROVIDE (PAIN_H = 0x201)
                [!provide]                        PROVIDE (PAOUT = 0x202)
                [!provide]                        PROVIDE (PAOUT_L = 0x202)
                [!provide]                        PROVIDE (PAOUT_H = 0x203)
                [!provide]                        PROVIDE (PADIR = 0x204)
                [!provide]                        PROVIDE (PADIR_L = 0x204)
                [!provide]                        PROVIDE (PADIR_H = 0x205)
                [!provide]                        PROVIDE (PAREN = 0x206)
                [!provide]                        PROVIDE (PAREN_L = 0x206)
                [!provide]                        PROVIDE (PAREN_H = 0x207)
                [!provide]                        PROVIDE (PASEL0 = 0x20a)
                [!provide]                        PROVIDE (PASEL0_L = 0x20a)
                [!provide]                        PROVIDE (PASEL0_H = 0x20b)
                [!provide]                        PROVIDE (PASEL1 = 0x20c)
                [!provide]                        PROVIDE (PASEL1_L = 0x20c)
                [!provide]                        PROVIDE (PASEL1_H = 0x20d)
                [!provide]                        PROVIDE (P1IV = 0x20e)
                [!provide]                        PROVIDE (P1IV_L = 0x20e)
                [!provide]                        PROVIDE (P1IV_H = 0x20f)
                [!provide]                        PROVIDE (PASELC = 0x216)
                [!provide]                        PROVIDE (PASELC_L = 0x216)
                [!provide]                        PROVIDE (PASELC_H = 0x217)
                [!provide]                        PROVIDE (PAIES = 0x218)
                [!provide]                        PROVIDE (PAIES_L = 0x218)
                [!provide]                        PROVIDE (PAIES_H = 0x219)
                [!provide]                        PROVIDE (PAIE = 0x21a)
                [!provide]                        PROVIDE (PAIE_L = 0x21a)
                [!provide]                        PROVIDE (PAIE_H = 0x21b)
                [!provide]                        PROVIDE (PAIFG = 0x21c)
                [!provide]                        PROVIDE (PAIFG_L = 0x21c)
                [!provide]                        PROVIDE (PAIFG_H = 0x21d)
                [!provide]                        PROVIDE (P2IV = 0x21e)
                [!provide]                        PROVIDE (P2IV_L = 0x21e)
                [!provide]                        PROVIDE (P2IV_H = 0x21f)
                [!provide]                        PROVIDE (PBIN = 0x220)
                [!provide]                        PROVIDE (PBIN_L = 0x220)
                [!provide]                        PROVIDE (PBIN_H = 0x221)
                [!provide]                        PROVIDE (PBOUT = 0x222)
                [!provide]                        PROVIDE (PBOUT_L = 0x222)
                [!provide]                        PROVIDE (PBOUT_H = 0x223)
                [!provide]                        PROVIDE (PBDIR = 0x224)
                [!provide]                        PROVIDE (PBDIR_L = 0x224)
                [!provide]                        PROVIDE (PBDIR_H = 0x225)
                [!provide]                        PROVIDE (PBREN = 0x226)
                [!provide]                        PROVIDE (PBREN_L = 0x226)
                [!provide]                        PROVIDE (PBREN_H = 0x227)
                [!provide]                        PROVIDE (PBSEL0 = 0x22a)
                [!provide]                        PROVIDE (PBSEL0_L = 0x22a)
                [!provide]                        PROVIDE (PBSEL0_H = 0x22b)
                [!provide]                        PROVIDE (PBSEL1 = 0x22c)
                [!provide]                        PROVIDE (PBSEL1_L = 0x22c)
                [!provide]                        PROVIDE (PBSEL1_H = 0x22d)
                [!provide]                        PROVIDE (P3IV = 0x22e)
                [!provide]                        PROVIDE (P3IV_L = 0x22e)
                [!provide]                        PROVIDE (P3IV_H = 0x22f)
                [!provide]                        PROVIDE (PBSELC = 0x236)
                [!provide]                        PROVIDE (PBSELC_L = 0x236)
                [!provide]                        PROVIDE (PBSELC_H = 0x237)
                [!provide]                        PROVIDE (PBIES = 0x238)
                [!provide]                        PROVIDE (PBIES_L = 0x238)
                [!provide]                        PROVIDE (PBIES_H = 0x239)
                [!provide]                        PROVIDE (PBIE = 0x23a)
                [!provide]                        PROVIDE (PBIE_L = 0x23a)
                [!provide]                        PROVIDE (PBIE_H = 0x23b)
                [!provide]                        PROVIDE (PBIFG = 0x23c)
                [!provide]                        PROVIDE (PBIFG_L = 0x23c)
                [!provide]                        PROVIDE (PBIFG_H = 0x23d)
                [!provide]                        PROVIDE (P4IV = 0x23e)
                [!provide]                        PROVIDE (P4IV_L = 0x23e)
                [!provide]                        PROVIDE (P4IV_H = 0x23f)
                [!provide]                        PROVIDE (PCIN = 0x240)
                [!provide]                        PROVIDE (PCIN_L = 0x240)
                [!provide]                        PROVIDE (PCIN_H = 0x241)
                [!provide]                        PROVIDE (PCOUT = 0x242)
                [!provide]                        PROVIDE (PCOUT_L = 0x242)
                [!provide]                        PROVIDE (PCOUT_H = 0x243)
                [!provide]                        PROVIDE (PCDIR = 0x244)
                [!provide]                        PROVIDE (PCDIR_L = 0x244)
                [!provide]                        PROVIDE (PCDIR_H = 0x245)
                [!provide]                        PROVIDE (PCREN = 0x246)
                [!provide]                        PROVIDE (PCREN_L = 0x246)
                [!provide]                        PROVIDE (PCREN_H = 0x247)
                [!provide]                        PROVIDE (PCSEL0 = 0x24a)
                [!provide]                        PROVIDE (PCSEL0_L = 0x24a)
                [!provide]                        PROVIDE (PCSEL0_H = 0x24b)
                [!provide]                        PROVIDE (PCSEL1 = 0x24c)
                [!provide]                        PROVIDE (PCSEL1_L = 0x24c)
                [!provide]                        PROVIDE (PCSEL1_H = 0x24d)
                [!provide]                        PROVIDE (P5IV = 0x24e)
                [!provide]                        PROVIDE (P5IV_L = 0x24e)
                [!provide]                        PROVIDE (P5IV_H = 0x24f)
                [!provide]                        PROVIDE (PCSELC = 0x256)
                [!provide]                        PROVIDE (PCSELC_L = 0x256)
                [!provide]                        PROVIDE (PCSELC_H = 0x257)
                [!provide]                        PROVIDE (PCIES = 0x258)
                [!provide]                        PROVIDE (PCIES_L = 0x258)
                [!provide]                        PROVIDE (PCIES_H = 0x259)
                [!provide]                        PROVIDE (PCIE = 0x25a)
                [!provide]                        PROVIDE (PCIE_L = 0x25a)
                [!provide]                        PROVIDE (PCIE_H = 0x25b)
                [!provide]                        PROVIDE (PCIFG = 0x25c)
                [!provide]                        PROVIDE (PCIFG_L = 0x25c)
                [!provide]                        PROVIDE (PCIFG_H = 0x25d)
                [!provide]                        PROVIDE (P6IV = 0x25e)
                [!provide]                        PROVIDE (P6IV_L = 0x25e)
                [!provide]                        PROVIDE (P6IV_H = 0x25f)
                [!provide]                        PROVIDE (PDIN = 0x260)
                [!provide]                        PROVIDE (PDIN_L = 0x260)
                [!provide]                        PROVIDE (PDIN_H = 0x261)
                [!provide]                        PROVIDE (PDOUT = 0x262)
                [!provide]                        PROVIDE (PDOUT_L = 0x262)
                [!provide]                        PROVIDE (PDOUT_H = 0x263)
                [!provide]                        PROVIDE (PDDIR = 0x264)
                [!provide]                        PROVIDE (PDDIR_L = 0x264)
                [!provide]                        PROVIDE (PDDIR_H = 0x265)
                [!provide]                        PROVIDE (PDREN = 0x266)
                [!provide]                        PROVIDE (PDREN_L = 0x266)
                [!provide]                        PROVIDE (PDREN_H = 0x267)
                [!provide]                        PROVIDE (PDSEL0 = 0x26a)
                [!provide]                        PROVIDE (PDSEL0_L = 0x26a)
                [!provide]                        PROVIDE (PDSEL0_H = 0x26b)
                [!provide]                        PROVIDE (PDSEL1 = 0x26c)
                [!provide]                        PROVIDE (PDSEL1_L = 0x26c)
                [!provide]                        PROVIDE (PDSEL1_H = 0x26d)
                [!provide]                        PROVIDE (P7IV = 0x26e)
                [!provide]                        PROVIDE (P7IV_L = 0x26e)
                [!provide]                        PROVIDE (P7IV_H = 0x26f)
                [!provide]                        PROVIDE (PDSELC = 0x276)
                [!provide]                        PROVIDE (PDSELC_L = 0x276)
                [!provide]                        PROVIDE (PDSELC_H = 0x277)
                [!provide]                        PROVIDE (PDIES = 0x278)
                [!provide]                        PROVIDE (PDIES_L = 0x278)
                [!provide]                        PROVIDE (PDIES_H = 0x279)
                [!provide]                        PROVIDE (PDIE = 0x27a)
                [!provide]                        PROVIDE (PDIE_L = 0x27a)
                [!provide]                        PROVIDE (PDIE_H = 0x27b)
                [!provide]                        PROVIDE (PDIFG = 0x27c)
                [!provide]                        PROVIDE (PDIFG_L = 0x27c)
                [!provide]                        PROVIDE (PDIFG_H = 0x27d)
                [!provide]                        PROVIDE (P8IV = 0x27e)
                [!provide]                        PROVIDE (P8IV_L = 0x27e)
                [!provide]                        PROVIDE (P8IV_H = 0x27f)
                [!provide]                        PROVIDE (PJIN = 0x320)
                [!provide]                        PROVIDE (PJIN_L = 0x320)
                [!provide]                        PROVIDE (PJIN_H = 0x321)
                [!provide]                        PROVIDE (PJOUT = 0x322)
                [!provide]                        PROVIDE (PJOUT_L = 0x322)
                [!provide]                        PROVIDE (PJOUT_H = 0x323)
                [!provide]                        PROVIDE (PJDIR = 0x324)
                [!provide]                        PROVIDE (PJDIR_L = 0x324)
                [!provide]                        PROVIDE (PJDIR_H = 0x325)
                [!provide]                        PROVIDE (PJREN = 0x326)
                [!provide]                        PROVIDE (PJREN_L = 0x326)
                [!provide]                        PROVIDE (PJREN_H = 0x327)
                0x000000000000032a                PROVIDE (PJSEL0 = 0x32a)
                [!provide]                        PROVIDE (PJSEL0_L = 0x32a)
                [!provide]                        PROVIDE (PJSEL0_H = 0x32b)
                [!provide]                        PROVIDE (PJSEL1 = 0x32c)
                [!provide]                        PROVIDE (PJSEL1_L = 0x32c)
                [!provide]                        PROVIDE (PJSEL1_H = 0x32d)
                [!provide]                        PROVIDE (PJSELC = 0x336)
                [!provide]                        PROVIDE (PJSELC_L = 0x336)
                [!provide]                        PROVIDE (PJSELC_H = 0x337)
                [!provide]                        PROVIDE (P1IN = 0x200)
                [!provide]                        PROVIDE (P2IN = 0x201)
                [!provide]                        PROVIDE (P2OUT = 0x203)
                0x0000000000000202                PROVIDE (P1OUT = 0x202)
                0x0000000000000204                PROVIDE (P1DIR = 0x204)
                [!provide]                        PROVIDE (P2DIR = 0x205)
                [!provide]                        PROVIDE (P1REN = 0x206)
                [!provide]                        PROVIDE (P2REN = 0x207)
                [!provide]                        PROVIDE (P1SEL0 = 0x20a)
                [!provide]                        PROVIDE (P2SEL0 = 0x20b)
                [!provide]                        PROVIDE (P1SEL1 = 0x20c)
                [!provide]                        PROVIDE (P2SEL1 = 0x20d)
                [!provide]                        PROVIDE (P1SELC = 0x216)
                [!provide]                        PROVIDE (P2SELC = 0x217)
                [!provide]                        PROVIDE (P1IES = 0x218)
                [!provide]                        PROVIDE (P2IES = 0x219)
                [!provide]                        PROVIDE (P1IE = 0x21a)
                [!provide]                        PROVIDE (P2IE = 0x21b)
                [!provide]                        PROVIDE (P1IFG = 0x21c)
                [!provide]                        PROVIDE (P2IFG = 0x21d)
                [!provide]                        PROVIDE (P3IN = 0x220)
                [!provide]                        PROVIDE (P4IN = 0x221)
                [!provide]                        PROVIDE (P3OUT = 0x222)
                [!provide]                        PROVIDE (P4OUT = 0x223)
                [!provide]                        PROVIDE (P3DIR = 0x224)
                [!provide]                        PROVIDE (P4DIR = 0x225)
                [!provide]                        PROVIDE (P3REN = 0x226)
                [!provide]                        PROVIDE (P4REN = 0x227)
                [!provide]                        PROVIDE (P4SEL0 = 0x22b)
                [!provide]                        PROVIDE (P3SEL0 = 0x22a)
                [!provide]                        PROVIDE (P3SEL1 = 0x22c)
                [!provide]                        PROVIDE (P4SEL1 = 0x22d)
                [!provide]                        PROVIDE (P3SELC = 0x236)
                [!provide]                        PROVIDE (P4SELC = 0x237)
                [!provide]                        PROVIDE (P3IES = 0x238)
                [!provide]                        PROVIDE (P4IES = 0x239)
                [!provide]                        PROVIDE (P3IE = 0x23a)
                [!provide]                        PROVIDE (P4IE = 0x23b)
                [!provide]                        PROVIDE (P3IFG = 0x23c)
                [!provide]                        PROVIDE (P4IFG = 0x23d)
                0x0000000000000240                PROVIDE (P5IN = 0x240)
                [!provide]                        PROVIDE (P6IN = 0x241)
                0x0000000000000242                PROVIDE (P5OUT = 0x242)
                [!provide]                        PROVIDE (P6OUT = 0x243)
                0x0000000000000244                PROVIDE (P5DIR = 0x244)
                [!provide]                        PROVIDE (P6DIR = 0x245)
                0x0000000000000246                PROVIDE (P5REN = 0x246)
                [!provide]                        PROVIDE (P6REN = 0x247)
                [!provide]                        PROVIDE (P5SEL0 = 0x24a)
                [!provide]                        PROVIDE (P6SEL0 = 0x24b)
                [!provide]                        PROVIDE (P5SEL1 = 0x24c)
                [!provide]                        PROVIDE (P6SEL1 = 0x24d)
                [!provide]                        PROVIDE (P5SELC = 0x256)
                [!provide]                        PROVIDE (P6SELC = 0x257)
                [!provide]                        PROVIDE (P5IES = 0x258)
                [!provide]                        PROVIDE (P6IES = 0x259)
                [!provide]                        PROVIDE (P5IE = 0x25a)
                [!provide]                        PROVIDE (P6IE = 0x25b)
                [!provide]                        PROVIDE (P5IFG = 0x25c)
                [!provide]                        PROVIDE (P6IFG = 0x25d)
                [!provide]                        PROVIDE (P7IN = 0x260)
                [!provide]                        PROVIDE (P8IN = 0x261)
                [!provide]                        PROVIDE (P7OUT = 0x262)
                [!provide]                        PROVIDE (P8OUT = 0x263)
                [!provide]                        PROVIDE (P7DIR = 0x264)
                [!provide]                        PROVIDE (P8DIR = 0x265)
                [!provide]                        PROVIDE (P7REN = 0x266)
                [!provide]                        PROVIDE (P8REN = 0x267)
                [!provide]                        PROVIDE (P7SEL0 = 0x26a)
                [!provide]                        PROVIDE (P8SEL0 = 0x26b)
                [!provide]                        PROVIDE (P7SEL1 = 0x26c)
                [!provide]                        PROVIDE (P8SEL1 = 0x26d)
                [!provide]                        PROVIDE (P7SELC = 0x276)
                [!provide]                        PROVIDE (P8SELC = 0x277)
                [!provide]                        PROVIDE (P7IES = 0x278)
                [!provide]                        PROVIDE (P8IES = 0x279)
                [!provide]                        PROVIDE (P7IE = 0x27a)
                [!provide]                        PROVIDE (P8IE = 0x27b)
                [!provide]                        PROVIDE (P7IFG = 0x27c)
                [!provide]                        PROVIDE (P8IFG = 0x27d)
                [!provide]                        PROVIDE (DMACTL0 = 0x500)
                [!provide]                        PROVIDE (DMACTL0_L = 0x500)
                [!provide]                        PROVIDE (DMACTL0_H = 0x501)
                0x0000000000000502                PROVIDE (DMACTL1 = 0x502)
                [!provide]                        PROVIDE (DMACTL1_L = 0x502)
                [!provide]                        PROVIDE (DMACTL1_H = 0x503)
                [!provide]                        PROVIDE (DMACTL2 = 0x504)
                [!provide]                        PROVIDE (DMACTL2_L = 0x504)
                [!provide]                        PROVIDE (DMACTL2_H = 0x505)
                0x0000000000000508                PROVIDE (DMACTL4 = 0x508)
                [!provide]                        PROVIDE (DMACTL4_L = 0x508)
                [!provide]                        PROVIDE (DMACTL4_H = 0x509)
                [!provide]                        PROVIDE (DMAIV = 0x50e)
                [!provide]                        PROVIDE (DMAIV_L = 0x50e)
                [!provide]                        PROVIDE (DMAIV_H = 0x50f)
                0x0000000000000510                PROVIDE (DMA0CTL = 0x510)
                [!provide]                        PROVIDE (DMA0CTL_L = 0x510)
                [!provide]                        PROVIDE (DMA0CTL_H = 0x511)
                0x0000000000000512                PROVIDE (DMA0SA = 0x512)
                [!provide]                        PROVIDE (DMA0SAL = 0x512)
                [!provide]                        PROVIDE (DMA0SAH = 0x514)
                0x0000000000000516                PROVIDE (DMA0DA = 0x516)
                [!provide]                        PROVIDE (DMA0DAL = 0x516)
                [!provide]                        PROVIDE (DMA0DAH = 0x518)
                0x000000000000051a                PROVIDE (DMA0SZ = 0x51a)
                [!provide]                        PROVIDE (DMA0SZ_L = 0x51a)
                [!provide]                        PROVIDE (DMA0SZ_H = 0x51b)
                [!provide]                        PROVIDE (DMA1CTL = 0x520)
                [!provide]                        PROVIDE (DMA1CTL_L = 0x520)
                [!provide]                        PROVIDE (DMA1CTL_H = 0x521)
                [!provide]                        PROVIDE (DMA1SA = 0x522)
                [!provide]                        PROVIDE (DMA1SAL = 0x522)
                [!provide]                        PROVIDE (DMA1SAH = 0x524)
                [!provide]                        PROVIDE (DMA1DA = 0x526)
                [!provide]                        PROVIDE (DMA1DAL = 0x526)
                [!provide]                        PROVIDE (DMA1DAH = 0x528)
                [!provide]                        PROVIDE (DMA1SZ = 0x52a)
                [!provide]                        PROVIDE (DMA1SZ_L = 0x52a)
                [!provide]                        PROVIDE (DMA1SZ_H = 0x52b)
                0x0000000000000530                PROVIDE (DMA2CTL = 0x530)
                [!provide]                        PROVIDE (DMA2CTL_L = 0x530)
                [!provide]                        PROVIDE (DMA2CTL_H = 0x531)
                0x0000000000000532                PROVIDE (DMA2SA = 0x532)
                [!provide]                        PROVIDE (DMA2SAL = 0x532)
                [!provide]                        PROVIDE (DMA2SAH = 0x534)
                0x0000000000000536                PROVIDE (DMA2DA = 0x536)
                [!provide]                        PROVIDE (DMA2DAL = 0x536)
                [!provide]                        PROVIDE (DMA2DAH = 0x538)
                0x000000000000053a                PROVIDE (DMA2SZ = 0x53a)
                [!provide]                        PROVIDE (DMA2SZ_L = 0x53a)
                [!provide]                        PROVIDE (DMA2SZ_H = 0x53b)
                [!provide]                        PROVIDE (DMA3CTL = 0x540)
                [!provide]                        PROVIDE (DMA3CTL_L = 0x540)
                [!provide]                        PROVIDE (DMA3CTL_H = 0x541)
                [!provide]                        PROVIDE (DMA3SA = 0x542)
                [!provide]                        PROVIDE (DMA3SAL = 0x542)
                [!provide]                        PROVIDE (DMA3SAH = 0x544)
                [!provide]                        PROVIDE (DMA3DA = 0x546)
                [!provide]                        PROVIDE (DMA3DAL = 0x546)
                [!provide]                        PROVIDE (DMA3DAH = 0x548)
                [!provide]                        PROVIDE (DMA3SZ = 0x54a)
                [!provide]                        PROVIDE (DMA3SZ_L = 0x54a)
                [!provide]                        PROVIDE (DMA3SZ_H = 0x54b)
                [!provide]                        PROVIDE (DMA4CTL = 0x550)
                [!provide]                        PROVIDE (DMA4CTL_L = 0x550)
                [!provide]                        PROVIDE (DMA4CTL_H = 0x551)
                [!provide]                        PROVIDE (DMA4SA = 0x552)
                [!provide]                        PROVIDE (DMA4SAL = 0x552)
                [!provide]                        PROVIDE (DMA4SAH = 0x554)
                [!provide]                        PROVIDE (DMA4DA = 0x556)
                [!provide]                        PROVIDE (DMA4DAL = 0x556)
                [!provide]                        PROVIDE (DMA4DAH = 0x558)
                [!provide]                        PROVIDE (DMA4SZ = 0x55a)
                [!provide]                        PROVIDE (DMA4SZ_L = 0x55a)
                [!provide]                        PROVIDE (DMA4SZ_H = 0x55b)
                [!provide]                        PROVIDE (DMA5CTL = 0x560)
                [!provide]                        PROVIDE (DMA5CTL_L = 0x560)
                [!provide]                        PROVIDE (DMA5CTL_H = 0x561)
                [!provide]                        PROVIDE (DMA5SA = 0x562)
                [!provide]                        PROVIDE (DMA5SAL = 0x562)
                [!provide]                        PROVIDE (DMA5SAH = 0x564)
                [!provide]                        PROVIDE (DMA5DA = 0x566)
                [!provide]                        PROVIDE (DMA5DAL = 0x566)
                [!provide]                        PROVIDE (DMA5DAH = 0x568)
                [!provide]                        PROVIDE (DMA5SZ = 0x56a)
                [!provide]                        PROVIDE (DMA5SZ_L = 0x56a)
                [!provide]                        PROVIDE (DMA5SZ_H = 0x56b)
                0x0000000000000140                PROVIDE (FRCTL0 = 0x140)
                [!provide]                        PROVIDE (FRCTL0_L = 0x140)
                [!provide]                        PROVIDE (FRCTL0_H = 0x141)
                [!provide]                        PROVIDE (GCCTL0 = 0x144)
                [!provide]                        PROVIDE (GCCTL0_L = 0x144)
                [!provide]                        PROVIDE (GCCTL0_H = 0x145)
                [!provide]                        PROVIDE (GCCTL1 = 0x146)
                [!provide]                        PROVIDE (GCCTL1_L = 0x146)
                [!provide]                        PROVIDE (GCCTL1_H = 0x147)
                [!provide]                        PROVIDE (LEACAP = 0xa80)
                [!provide]                        PROVIDE (LEACAPL = 0xa80)
                [!provide]                        PROVIDE (LEACAPH = 0xa82)
                [!provide]                        PROVIDE (LEACNF0 = 0xa84)
                [!provide]                        PROVIDE (LEACNF0L = 0xa84)
                [!provide]                        PROVIDE (LEACNF0H = 0xa86)
                [!provide]                        PROVIDE (LEACNF1 = 0xa88)
                [!provide]                        PROVIDE (LEACNF1L = 0xa88)
                [!provide]                        PROVIDE (LEACNF1H = 0xa8a)
                [!provide]                        PROVIDE (LEACNF2 = 0xa8c)
                [!provide]                        PROVIDE (LEACNF2L = 0xa8c)
                [!provide]                        PROVIDE (LEACNF2H = 0xa8e)
                [!provide]                        PROVIDE (LEAMB = 0xa90)
                [!provide]                        PROVIDE (LEAMBL = 0xa90)
                [!provide]                        PROVIDE (LEAMBH = 0xa92)
                [!provide]                        PROVIDE (LEAMT = 0xa94)
                [!provide]                        PROVIDE (LEAMTL = 0xa94)
                [!provide]                        PROVIDE (LEAMTH = 0xa96)
                [!provide]                        PROVIDE (LEACMA = 0xa98)
                [!provide]                        PROVIDE (LEACMAL = 0xa98)
                [!provide]                        PROVIDE (LEACMAH = 0xa9a)
                [!provide]                        PROVIDE (LEACMCTL = 0xa9c)
                [!provide]                        PROVIDE (LEACMCTLL = 0xa9c)
                [!provide]                        PROVIDE (LEACMCTLH = 0xa9e)
                [!provide]                        PROVIDE (LEACMDSTAT = 0xaa8)
                [!provide]                        PROVIDE (LEACMDSTATL = 0xaa8)
                [!provide]                        PROVIDE (LEACMDSTATH = 0xaaa)
                [!provide]                        PROVIDE (LEAS1STAT = 0xaac)
                [!provide]                        PROVIDE (LEAS1STATL = 0xaac)
                [!provide]                        PROVIDE (LEAS1STATH = 0xaae)
                [!provide]                        PROVIDE (LEAS0STAT = 0xab0)
                [!provide]                        PROVIDE (LEAS0STATL = 0xab0)
                [!provide]                        PROVIDE (LEAS0STATH = 0xab2)
                [!provide]                        PROVIDE (LEADSTSTAT = 0xab4)
                [!provide]                        PROVIDE (LEADSTSTATL = 0xab4)
                [!provide]                        PROVIDE (LEADSTSTATH = 0xab6)
                [!provide]                        PROVIDE (LEAPMCTL = 0xac0)
                [!provide]                        PROVIDE (LEAPMCTLL = 0xac0)
                [!provide]                        PROVIDE (LEAPMCTLH = 0xac2)
                [!provide]                        PROVIDE (LEAPMDST = 0xac4)
                [!provide]                        PROVIDE (LEAPMDSTL = 0xac4)
                [!provide]                        PROVIDE (LEAPMDSTH = 0xac6)
                [!provide]                        PROVIDE (LEAPMS1 = 0xac8)
                [!provide]                        PROVIDE (LEAPMS1L = 0xac8)
                [!provide]                        PROVIDE (LEAPMS1H = 0xaca)
                [!provide]                        PROVIDE (LEAPMS0 = 0xacc)
                [!provide]                        PROVIDE (LEAPMS0L = 0xacc)
                [!provide]                        PROVIDE (LEAPMS0H = 0xace)
                [!provide]                        PROVIDE (LEAPMCB = 0xad0)
                [!provide]                        PROVIDE (LEAPMCBL = 0xad0)
                [!provide]                        PROVIDE (LEAPMCBH = 0xad2)
                [!provide]                        PROVIDE (LEAIFGSET = 0xaf0)
                [!provide]                        PROVIDE (LEAIFGSETL = 0xaf0)
                [!provide]                        PROVIDE (LEAIFGSETH = 0xaf2)
                [!provide]                        PROVIDE (LEAIE = 0xaf4)
                [!provide]                        PROVIDE (LEAIEL = 0xaf4)
                [!provide]                        PROVIDE (LEAIEH = 0xaf6)
                [!provide]                        PROVIDE (LEAIFG = 0xaf8)
                [!provide]                        PROVIDE (LEAIFGL = 0xaf8)
                [!provide]                        PROVIDE (LEAIFGH = 0xafa)
                [!provide]                        PROVIDE (LEAIV = 0xafc)
                [!provide]                        PROVIDE (LEAIVL = 0xafc)
                [!provide]                        PROVIDE (LEAIVH = 0xafe)
                0x00000000000005a0                PROVIDE (MPUCTL0 = 0x5a0)
                [!provide]                        PROVIDE (MPUCTL0_L = 0x5a0)
                0x00000000000005a1                PROVIDE (MPUCTL0_H = 0x5a1)
                [!provide]                        PROVIDE (MPUCTL1 = 0x5a2)
                [!provide]                        PROVIDE (MPUCTL1_L = 0x5a2)
                [!provide]                        PROVIDE (MPUCTL1_H = 0x5a3)
                0x00000000000005a4                PROVIDE (MPUSEGB2 = 0x5a4)
                [!provide]                        PROVIDE (MPUSEGB2_L = 0x5a4)
                [!provide]                        PROVIDE (MPUSEGB2_H = 0x5a5)
                0x00000000000005a6                PROVIDE (MPUSEGB1 = 0x5a6)
                [!provide]                        PROVIDE (MPUSEGB1_L = 0x5a6)
                [!provide]                        PROVIDE (MPUSEGB1_H = 0x5a7)
                0x00000000000005a8                PROVIDE (MPUSAM = 0x5a8)
                [!provide]                        PROVIDE (MPUSAM_L = 0x5a8)
                [!provide]                        PROVIDE (MPUSAM_H = 0x5a9)
                [!provide]                        PROVIDE (MPUIPC0 = 0x5aa)
                [!provide]                        PROVIDE (MPUIPC0_L = 0x5aa)
                [!provide]                        PROVIDE (MPUIPC0_H = 0x5ab)
                [!provide]                        PROVIDE (MPUIPSEGB2 = 0x5ac)
                [!provide]                        PROVIDE (MPUIPSEGB2_L = 0x5ac)
                [!provide]                        PROVIDE (MPUIPSEGB2_H = 0x5ad)
                [!provide]                        PROVIDE (MPUIPSEGB1 = 0x5ae)
                [!provide]                        PROVIDE (MPUIPSEGB1_L = 0x5ae)
                [!provide]                        PROVIDE (MPUIPSEGB1_H = 0x5af)
                [!provide]                        PROVIDE (MPY = 0x4c0)
                [!provide]                        PROVIDE (MPY_L = 0x4c0)
                [!provide]                        PROVIDE (MPY_H = 0x4c1)
                [!provide]                        PROVIDE (MPYS = 0x4c2)
                [!provide]                        PROVIDE (MPYS_L = 0x4c2)
                [!provide]                        PROVIDE (MPYS_H = 0x4c3)
                [!provide]                        PROVIDE (MAC = 0x4c4)
                [!provide]                        PROVIDE (MAC_L = 0x4c4)
                [!provide]                        PROVIDE (MAC_H = 0x4c5)
                [!provide]                        PROVIDE (MACS = 0x4c6)
                [!provide]                        PROVIDE (MACS_L = 0x4c6)
                [!provide]                        PROVIDE (MACS_H = 0x4c7)
                [!provide]                        PROVIDE (OP2 = 0x4c8)
                [!provide]                        PROVIDE (OP2_L = 0x4c8)
                [!provide]                        PROVIDE (OP2_H = 0x4c9)
                [!provide]                        PROVIDE (RESLO = 0x4ca)
                [!provide]                        PROVIDE (RESLO_L = 0x4ca)
                [!provide]                        PROVIDE (RESLO_H = 0x4cb)
                [!provide]                        PROVIDE (RESHI = 0x4cc)
                [!provide]                        PROVIDE (RESHI_L = 0x4cc)
                [!provide]                        PROVIDE (RESHI_H = 0x4cd)
                [!provide]                        PROVIDE (SUMEXT = 0x4ce)
                [!provide]                        PROVIDE (SUMEXT_L = 0x4ce)
                [!provide]                        PROVIDE (SUMEXT_H = 0x4cf)
                [!provide]                        PROVIDE (MPY32L = 0x4d0)
                [!provide]                        PROVIDE (MPY32L_L = 0x4d0)
                [!provide]                        PROVIDE (MPY32L_H = 0x4d1)
                [!provide]                        PROVIDE (MPY32H = 0x4d2)
                [!provide]                        PROVIDE (MPY32H_L = 0x4d2)
                [!provide]                        PROVIDE (MPY32H_H = 0x4d3)
                [!provide]                        PROVIDE (MPYS32L = 0x4d4)
                [!provide]                        PROVIDE (MPYS32L_L = 0x4d4)
                [!provide]                        PROVIDE (MPYS32L_H = 0x4d5)
                [!provide]                        PROVIDE (MPYS32H = 0x4d6)
                [!provide]                        PROVIDE (MPYS32H_L = 0x4d6)
                [!provide]                        PROVIDE (MPYS32H_H = 0x4d7)
                [!provide]                        PROVIDE (MAC32L = 0x4d8)
                [!provide]                        PROVIDE (MAC32L_L = 0x4d8)
                [!provide]                        PROVIDE (MAC32L_H = 0x4d9)
                [!provide]                        PROVIDE (MAC32H = 0x4da)
                [!provide]                        PROVIDE (MAC32H_L = 0x4da)
                [!provide]                        PROVIDE (MAC32H_H = 0x4db)
                [!provide]                        PROVIDE (MACS32L = 0x4dc)
                [!provide]                        PROVIDE (MACS32L_L = 0x4dc)
                [!provide]                        PROVIDE (MACS32L_H = 0x4dd)
                [!provide]                        PROVIDE (MACS32H = 0x4de)
                [!provide]                        PROVIDE (MACS32H_L = 0x4de)
                [!provide]                        PROVIDE (MACS32H_H = 0x4df)
                [!provide]                        PROVIDE (OP2L = 0x4e0)
                [!provide]                        PROVIDE (OP2L_L = 0x4e0)
                [!provide]                        PROVIDE (OP2L_H = 0x4e1)
                [!provide]                        PROVIDE (OP2H = 0x4e2)
                [!provide]                        PROVIDE (OP2H_L = 0x4e2)
                [!provide]                        PROVIDE (OP2H_H = 0x4e3)
                [!provide]                        PROVIDE (RES0 = 0x4e4)
                [!provide]                        PROVIDE (RES0_L = 0x4e4)
                [!provide]                        PROVIDE (RES0_H = 0x4e5)
                [!provide]                        PROVIDE (RES1 = 0x4e6)
                [!provide]                        PROVIDE (RES1_L = 0x4e6)
                [!provide]                        PROVIDE (RES1_H = 0x4e7)
                [!provide]                        PROVIDE (RES2 = 0x4e8)
                [!provide]                        PROVIDE (RES2_L = 0x4e8)
                [!provide]                        PROVIDE (RES2_H = 0x4e9)
                [!provide]                        PROVIDE (RES3 = 0x4ea)
                [!provide]                        PROVIDE (RES3_L = 0x4ea)
                [!provide]                        PROVIDE (RES3_H = 0x4eb)
                [!provide]                        PROVIDE (MPY32CTL0 = 0x4ec)
                [!provide]                        PROVIDE (MPY32CTL0_L = 0x4ec)
                [!provide]                        PROVIDE (MPY32CTL0_H = 0x4ed)
                [!provide]                        PROVIDE (PMMCTL0 = 0x120)
                [!provide]                        PROVIDE (PMMCTL0_L = 0x120)
                [!provide]                        PROVIDE (PMMCTL0_H = 0x121)
                [!provide]                        PROVIDE (PMMIFG = 0x12a)
                [!provide]                        PROVIDE (PMMIFG_L = 0x12a)
                [!provide]                        PROVIDE (PMMIFG_H = 0x12b)
                0x0000000000000130                PROVIDE (PM5CTL0 = 0x130)
                [!provide]                        PROVIDE (PM5CTL0_L = 0x130)
                [!provide]                        PROVIDE (PM5CTL0_H = 0x131)
                [!provide]                        PROVIDE (RCCTL0 = 0x158)
                [!provide]                        PROVIDE (RCCTL0_L = 0x158)
                [!provide]                        PROVIDE (RCCTL0_H = 0x159)
                0x00000000000001b0                PROVIDE (REFCTL0 = 0x1b0)
                [!provide]                        PROVIDE (REFCTL0_L = 0x1b0)
                [!provide]                        PROVIDE (REFCTL0_H = 0x1b1)
                [!provide]                        PROVIDE (RTCCTL0 = 0x4a0)
                0x00000000000004a0                PROVIDE (RTCCTL0_L = 0x4a0)
                0x00000000000004a1                PROVIDE (RTCCTL0_H = 0x4a1)
                [!provide]                        PROVIDE (RTCCTL13 = 0x4a2)
                0x00000000000004a2                PROVIDE (RTCCTL13_L = 0x4a2)
                [!provide]                        PROVIDE (RTCCTL13_H = 0x4a3)
                [!provide]                        PROVIDE (RTCOCAL = 0x4a4)
                [!provide]                        PROVIDE (RTCOCAL_L = 0x4a4)
                [!provide]                        PROVIDE (RTCOCAL_H = 0x4a5)
                [!provide]                        PROVIDE (RTCTCMP = 0x4a6)
                [!provide]                        PROVIDE (RTCTCMP_L = 0x4a6)
                [!provide]                        PROVIDE (RTCTCMP_H = 0x4a7)
                [!provide]                        PROVIDE (RTCPS0CTL = 0x4a8)
                [!provide]                        PROVIDE (RTCPS0CTL_L = 0x4a8)
                [!provide]                        PROVIDE (RTCPS0CTL_H = 0x4a9)
                [!provide]                        PROVIDE (RTCPS1CTL = 0x4aa)
                [!provide]                        PROVIDE (RTCPS1CTL_L = 0x4aa)
                [!provide]                        PROVIDE (RTCPS1CTL_H = 0x4ab)
                [!provide]                        PROVIDE (RTCPS = 0x4ac)
                [!provide]                        PROVIDE (RTCPS_L = 0x4ac)
                [!provide]                        PROVIDE (RTCPS_H = 0x4ad)
                [!provide]                        PROVIDE (RTCIV = 0x4ae)
                [!provide]                        PROVIDE (RTCIV_L = 0x4ae)
                [!provide]                        PROVIDE (RTCIV_H = 0x4af)
                [!provide]                        PROVIDE (RTCTIM0 = 0x4b0)
                0x00000000000004b0                PROVIDE (RTCTIM0_L = 0x4b0)
                0x00000000000004b1                PROVIDE (RTCTIM0_H = 0x4b1)
                [!provide]                        PROVIDE (RTCCNT12 = 0x4b0)
                [!provide]                        PROVIDE (RTCCNT12_L = 0x4b0)
                [!provide]                        PROVIDE (RTCCNT12_H = 0x4b1)
                [!provide]                        PROVIDE (RTCTIM1 = 0x4b2)
                0x00000000000004b2                PROVIDE (RTCTIM1_L = 0x4b2)
                0x00000000000004b3                PROVIDE (RTCTIM1_H = 0x4b3)
                [!provide]                        PROVIDE (RTCCNT34 = 0x4b2)
                [!provide]                        PROVIDE (RTCCNT34_L = 0x4b2)
                [!provide]                        PROVIDE (RTCCNT34_H = 0x4b3)
                [!provide]                        PROVIDE (RTCDATE = 0x4b4)
                0x00000000000004b4                PROVIDE (RTCDATE_L = 0x4b4)
                0x00000000000004b5                PROVIDE (RTCDATE_H = 0x4b5)
                0x00000000000004b6                PROVIDE (RTCYEAR = 0x4b6)
                [!provide]                        PROVIDE (RTCYEAR_L = 0x4b6)
                [!provide]                        PROVIDE (RTCYEAR_H = 0x4b7)
                [!provide]                        PROVIDE (RTCAMINHR = 0x4b8)
                0x00000000000004b8                PROVIDE (RTCAMINHR_L = 0x4b8)
                0x00000000000004b9                PROVIDE (RTCAMINHR_H = 0x4b9)
                [!provide]                        PROVIDE (RTCADOWDAY = 0x4ba)
                0x00000000000004ba                PROVIDE (RTCADOWDAY_L = 0x4ba)
                0x00000000000004bb                PROVIDE (RTCADOWDAY_H = 0x4bb)
                [!provide]                        PROVIDE (BIN2BCD = 0x4bc)
                [!provide]                        PROVIDE (BIN2BCD_L = 0x4bc)
                [!provide]                        PROVIDE (BIN2BCD_H = 0x4bd)
                [!provide]                        PROVIDE (BCD2BIN = 0x4be)
                [!provide]                        PROVIDE (BCD2BIN_L = 0x4be)
                [!provide]                        PROVIDE (BCD2BIN_H = 0x4bf)
                [!provide]                        PROVIDE (RT0PS = 0x4ac)
                [!provide]                        PROVIDE (RT1PS = 0x4ad)
                [!provide]                        PROVIDE (RTCCNT1 = 0x4b0)
                [!provide]                        PROVIDE (RTCCNT2 = 0x4b1)
                [!provide]                        PROVIDE (RTCCNT3 = 0x4b2)
                [!provide]                        PROVIDE (RTCCNT4 = 0x4b3)
                [!provide]                        PROVIDE (SFRIE1 = 0x100)
                [!provide]                        PROVIDE (SFRIE1_L = 0x100)
                [!provide]                        PROVIDE (SFRIE1_H = 0x101)
                0x0000000000000102                PROVIDE (SFRIFG1 = 0x102)
                [!provide]                        PROVIDE (SFRIFG1_L = 0x102)
                [!provide]                        PROVIDE (SFRIFG1_H = 0x103)
                [!provide]                        PROVIDE (SFRRPCR = 0x104)
                [!provide]                        PROVIDE (SFRRPCR_L = 0x104)
                [!provide]                        PROVIDE (SFRRPCR_H = 0x105)
                [!provide]                        PROVIDE (SYSCTL = 0x180)
                [!provide]                        PROVIDE (SYSCTL_L = 0x180)
                [!provide]                        PROVIDE (SYSCTL_H = 0x181)
                [!provide]                        PROVIDE (SYSJMBC = 0x186)
                [!provide]                        PROVIDE (SYSJMBC_L = 0x186)
                [!provide]                        PROVIDE (SYSJMBC_H = 0x187)
                [!provide]                        PROVIDE (SYSJMBI0 = 0x188)
                [!provide]                        PROVIDE (SYSJMBI0_L = 0x188)
                [!provide]                        PROVIDE (SYSJMBI0_H = 0x189)
                [!provide]                        PROVIDE (SYSJMBI1 = 0x18a)
                [!provide]                        PROVIDE (SYSJMBI1_L = 0x18a)
                [!provide]                        PROVIDE (SYSJMBI1_H = 0x18b)
                [!provide]                        PROVIDE (SYSJMBO0 = 0x18c)
                [!provide]                        PROVIDE (SYSJMBO0_L = 0x18c)
                [!provide]                        PROVIDE (SYSJMBO0_H = 0x18d)
                [!provide]                        PROVIDE (SYSJMBO1 = 0x18e)
                [!provide]                        PROVIDE (SYSJMBO1_L = 0x18e)
                [!provide]                        PROVIDE (SYSJMBO1_H = 0x18f)
                [!provide]                        PROVIDE (SYSUNIV = 0x19a)
                [!provide]                        PROVIDE (SYSUNIV_L = 0x19a)
                [!provide]                        PROVIDE (SYSUNIV_H = 0x19b)
                [!provide]                        PROVIDE (SYSSNIV = 0x19c)
                [!provide]                        PROVIDE (SYSSNIV_L = 0x19c)
                [!provide]                        PROVIDE (SYSSNIV_H = 0x19d)
                [!provide]                        PROVIDE (SYSRSTIV = 0x19e)
                [!provide]                        PROVIDE (SYSRSTIV_L = 0x19e)
                [!provide]                        PROVIDE (SYSRSTIV_H = 0x19f)
                [!provide]                        PROVIDE (TA0CTL = 0x340)
                [!provide]                        PROVIDE (TA0CTL_L = 0x340)
                [!provide]                        PROVIDE (TA0CTL_H = 0x341)
                [!provide]                        PROVIDE (TA0CCTL0 = 0x342)
                [!provide]                        PROVIDE (TA0CCTL0_L = 0x342)
                [!provide]                        PROVIDE (TA0CCTL0_H = 0x343)
                [!provide]                        PROVIDE (TA0CCTL1 = 0x344)
                [!provide]                        PROVIDE (TA0CCTL1_L = 0x344)
                [!provide]                        PROVIDE (TA0CCTL1_H = 0x345)
                [!provide]                        PROVIDE (TA0CCTL2 = 0x346)
                [!provide]                        PROVIDE (TA0CCTL2_L = 0x346)
                [!provide]                        PROVIDE (TA0CCTL2_H = 0x347)
                [!provide]                        PROVIDE (TA0R = 0x350)
                [!provide]                        PROVIDE (TA0R_L = 0x350)
                [!provide]                        PROVIDE (TA0R_H = 0x351)
                [!provide]                        PROVIDE (TA0CCR0 = 0x352)
                [!provide]                        PROVIDE (TA0CCR0_L = 0x352)
                [!provide]                        PROVIDE (TA0CCR0_H = 0x353)
                [!provide]                        PROVIDE (TA0CCR1 = 0x354)
                [!provide]                        PROVIDE (TA0CCR1_L = 0x354)
                [!provide]                        PROVIDE (TA0CCR1_H = 0x355)
                [!provide]                        PROVIDE (TA0CCR2 = 0x356)
                [!provide]                        PROVIDE (TA0CCR2_L = 0x356)
                [!provide]                        PROVIDE (TA0CCR2_H = 0x357)
                [!provide]                        PROVIDE (TA0EX0 = 0x360)
                [!provide]                        PROVIDE (TA0EX0_L = 0x360)
                [!provide]                        PROVIDE (TA0EX0_H = 0x361)
                [!provide]                        PROVIDE (TA0IV = 0x36e)
                [!provide]                        PROVIDE (TA0IV_L = 0x36e)
                [!provide]                        PROVIDE (TA0IV_H = 0x36f)
                [!provide]                        PROVIDE (TA1CTL = 0x380)
                [!provide]                        PROVIDE (TA1CTL_L = 0x380)
                [!provide]                        PROVIDE (TA1CTL_H = 0x381)
                [!provide]                        PROVIDE (TA1CCTL0 = 0x382)
                [!provide]                        PROVIDE (TA1CCTL0_L = 0x382)
                [!provide]                        PROVIDE (TA1CCTL0_H = 0x383)
                [!provide]                        PROVIDE (TA1CCTL1 = 0x384)
                [!provide]                        PROVIDE (TA1CCTL1_L = 0x384)
                [!provide]                        PROVIDE (TA1CCTL1_H = 0x385)
                [!provide]                        PROVIDE (TA1CCTL2 = 0x386)
                [!provide]                        PROVIDE (TA1CCTL2_L = 0x386)
                [!provide]                        PROVIDE (TA1CCTL2_H = 0x387)
                [!provide]                        PROVIDE (TA1R = 0x390)
                [!provide]                        PROVIDE (TA1R_L = 0x390)
                [!provide]                        PROVIDE (TA1R_H = 0x391)
                [!provide]                        PROVIDE (TA1CCR0 = 0x392)
                [!provide]                        PROVIDE (TA1CCR0_L = 0x392)
                [!provide]                        PROVIDE (TA1CCR0_H = 0x393)
                [!provide]                        PROVIDE (TA1CCR1 = 0x394)
                [!provide]                        PROVIDE (TA1CCR1_L = 0x394)
                [!provide]                        PROVIDE (TA1CCR1_H = 0x395)
                [!provide]                        PROVIDE (TA1CCR2 = 0x396)
                [!provide]                        PROVIDE (TA1CCR2_L = 0x396)
                [!provide]                        PROVIDE (TA1CCR2_H = 0x397)
                [!provide]                        PROVIDE (TA1EX0 = 0x3a0)
                [!provide]                        PROVIDE (TA1EX0_L = 0x3a0)
                [!provide]                        PROVIDE (TA1EX0_H = 0x3a1)
                [!provide]                        PROVIDE (TA1IV = 0x3ae)
                [!provide]                        PROVIDE (TA1IV_L = 0x3ae)
                [!provide]                        PROVIDE (TA1IV_H = 0x3af)
                0x0000000000000400                PROVIDE (TA2CTL = 0x400)
                [!provide]                        PROVIDE (TA2CTL_L = 0x400)
                [!provide]                        PROVIDE (TA2CTL_H = 0x401)
                0x0000000000000402                PROVIDE (TA2CCTL0 = 0x402)
                [!provide]                        PROVIDE (TA2CCTL0_L = 0x402)
                [!provide]                        PROVIDE (TA2CCTL0_H = 0x403)
                [!provide]                        PROVIDE (TA2CCTL1 = 0x404)
                [!provide]                        PROVIDE (TA2CCTL1_L = 0x404)
                [!provide]                        PROVIDE (TA2CCTL1_H = 0x405)
                0x0000000000000410                PROVIDE (TA2R = 0x410)
                [!provide]                        PROVIDE (TA2R_L = 0x410)
                [!provide]                        PROVIDE (TA2R_H = 0x411)
                0x0000000000000412                PROVIDE (TA2CCR0 = 0x412)
                [!provide]                        PROVIDE (TA2CCR0_L = 0x412)
                [!provide]                        PROVIDE (TA2CCR0_H = 0x413)
                [!provide]                        PROVIDE (TA2CCR1 = 0x414)
                [!provide]                        PROVIDE (TA2CCR1_L = 0x414)
                [!provide]                        PROVIDE (TA2CCR1_H = 0x415)
                [!provide]                        PROVIDE (TA2EX0 = 0x420)
                [!provide]                        PROVIDE (TA2EX0_L = 0x420)
                [!provide]                        PROVIDE (TA2EX0_H = 0x421)
                [!provide]                        PROVIDE (TA2IV = 0x42e)
                [!provide]                        PROVIDE (TA2IV_L = 0x42e)
                [!provide]                        PROVIDE (TA2IV_H = 0x42f)
                [!provide]                        PROVIDE (TA3CTL = 0x440)
                [!provide]                        PROVIDE (TA3CTL_L = 0x440)
                [!provide]                        PROVIDE (TA3CTL_H = 0x441)
                [!provide]                        PROVIDE (TA3CCTL0 = 0x442)
                [!provide]                        PROVIDE (TA3CCTL0_L = 0x442)
                [!provide]                        PROVIDE (TA3CCTL0_H = 0x443)
                [!provide]                        PROVIDE (TA3CCTL1 = 0x444)
                [!provide]                        PROVIDE (TA3CCTL1_L = 0x444)
                [!provide]                        PROVIDE (TA3CCTL1_H = 0x445)
                [!provide]                        PROVIDE (TA3R = 0x450)
                [!provide]                        PROVIDE (TA3R_L = 0x450)
                [!provide]                        PROVIDE (TA3R_H = 0x451)
                [!provide]                        PROVIDE (TA3CCR0 = 0x452)
                [!provide]                        PROVIDE (TA3CCR0_L = 0x452)
                [!provide]                        PROVIDE (TA3CCR0_H = 0x453)
                [!provide]                        PROVIDE (TA3CCR1 = 0x454)
                [!provide]                        PROVIDE (TA3CCR1_L = 0x454)
                [!provide]                        PROVIDE (TA3CCR1_H = 0x455)
                [!provide]                        PROVIDE (TA3EX0 = 0x460)
                [!provide]                        PROVIDE (TA3EX0_L = 0x460)
                [!provide]                        PROVIDE (TA3EX0_H = 0x461)
                [!provide]                        PROVIDE (TA3IV = 0x46e)
                [!provide]                        PROVIDE (TA3IV_L = 0x46e)
                [!provide]                        PROVIDE (TA3IV_H = 0x46f)
                [!provide]                        PROVIDE (TA4CTL = 0x7c0)
                [!provide]                        PROVIDE (TA4CTL_L = 0x7c0)
                [!provide]                        PROVIDE (TA4CTL_H = 0x7c1)
                [!provide]                        PROVIDE (TA4CCTL0 = 0x7c2)
                [!provide]                        PROVIDE (TA4CCTL0_L = 0x7c2)
                [!provide]                        PROVIDE (TA4CCTL0_H = 0x7c3)
                [!provide]                        PROVIDE (TA4CCTL1 = 0x7c4)
                [!provide]                        PROVIDE (TA4CCTL1_L = 0x7c4)
                [!provide]                        PROVIDE (TA4CCTL1_H = 0x7c5)
                [!provide]                        PROVIDE (TA4CCTL2 = 0x7c6)
                [!provide]                        PROVIDE (TA4CCTL2_L = 0x7c6)
                [!provide]                        PROVIDE (TA4CCTL2_H = 0x7c7)
                [!provide]                        PROVIDE (TA4R = 0x7d0)
                [!provide]                        PROVIDE (TA4R_L = 0x7d0)
                [!provide]                        PROVIDE (TA4R_H = 0x7d1)
                [!provide]                        PROVIDE (TA4CCR0 = 0x7d2)
                [!provide]                        PROVIDE (TA4CCR0_L = 0x7d2)
                [!provide]                        PROVIDE (TA4CCR0_H = 0x7d3)
                [!provide]                        PROVIDE (TA4CCR1 = 0x7d4)
                [!provide]                        PROVIDE (TA4CCR1_L = 0x7d4)
                [!provide]                        PROVIDE (TA4CCR1_H = 0x7d5)
                [!provide]                        PROVIDE (TA4CCR2 = 0x7d6)
                [!provide]                        PROVIDE (TA4CCR2_L = 0x7d6)
                [!provide]                        PROVIDE (TA4CCR2_H = 0x7d7)
                [!provide]                        PROVIDE (TA4EX0 = 0x7e0)
                [!provide]                        PROVIDE (TA4EX0_L = 0x7e0)
                [!provide]                        PROVIDE (TA4EX0_H = 0x7e1)
                [!provide]                        PROVIDE (TA4IV = 0x7ee)
                [!provide]                        PROVIDE (TA4IV_L = 0x7ee)
                [!provide]                        PROVIDE (TA4IV_H = 0x7ef)
                [!provide]                        PROVIDE (TB0CTL = 0x3c0)
                [!provide]                        PROVIDE (TB0CTL_L = 0x3c0)
                [!provide]                        PROVIDE (TB0CTL_H = 0x3c1)
                [!provide]                        PROVIDE (TB0CCTL0 = 0x3c2)
                [!provide]                        PROVIDE (TB0CCTL0_L = 0x3c2)
                [!provide]                        PROVIDE (TB0CCTL0_H = 0x3c3)
                [!provide]                        PROVIDE (TB0CCTL1 = 0x3c4)
                [!provide]                        PROVIDE (TB0CCTL1_L = 0x3c4)
                [!provide]                        PROVIDE (TB0CCTL1_H = 0x3c5)
                [!provide]                        PROVIDE (TB0CCTL2 = 0x3c6)
                [!provide]                        PROVIDE (TB0CCTL2_L = 0x3c6)
                [!provide]                        PROVIDE (TB0CCTL2_H = 0x3c7)
                [!provide]                        PROVIDE (TB0CCTL3 = 0x3c8)
                [!provide]                        PROVIDE (TB0CCTL3_L = 0x3c8)
                [!provide]                        PROVIDE (TB0CCTL3_H = 0x3c9)
                [!provide]                        PROVIDE (TB0CCTL4 = 0x3ca)
                [!provide]                        PROVIDE (TB0CCTL4_L = 0x3ca)
                [!provide]                        PROVIDE (TB0CCTL4_H = 0x3cb)
                [!provide]                        PROVIDE (TB0CCTL5 = 0x3cc)
                [!provide]                        PROVIDE (TB0CCTL5_L = 0x3cc)
                [!provide]                        PROVIDE (TB0CCTL5_H = 0x3cd)
                [!provide]                        PROVIDE (TB0CCTL6 = 0x3ce)
                [!provide]                        PROVIDE (TB0CCTL6_L = 0x3ce)
                [!provide]                        PROVIDE (TB0CCTL6_H = 0x3cf)
                [!provide]                        PROVIDE (TB0R = 0x3d0)
                [!provide]                        PROVIDE (TB0R_L = 0x3d0)
                [!provide]                        PROVIDE (TB0R_H = 0x3d1)
                [!provide]                        PROVIDE (TB0CCR0 = 0x3d2)
                [!provide]                        PROVIDE (TB0CCR0_L = 0x3d2)
                [!provide]                        PROVIDE (TB0CCR0_H = 0x3d3)
                [!provide]                        PROVIDE (TB0CCR1 = 0x3d4)
                [!provide]                        PROVIDE (TB0CCR1_L = 0x3d4)
                [!provide]                        PROVIDE (TB0CCR1_H = 0x3d5)
                [!provide]                        PROVIDE (TB0CCR2 = 0x3d6)
                [!provide]                        PROVIDE (TB0CCR2_L = 0x3d6)
                [!provide]                        PROVIDE (TB0CCR2_H = 0x3d7)
                [!provide]                        PROVIDE (TB0CCR3 = 0x3d8)
                [!provide]                        PROVIDE (TB0CCR3_L = 0x3d8)
                [!provide]                        PROVIDE (TB0CCR3_H = 0x3d9)
                [!provide]                        PROVIDE (TB0CCR4 = 0x3da)
                [!provide]                        PROVIDE (TB0CCR4_L = 0x3da)
                [!provide]                        PROVIDE (TB0CCR4_H = 0x3db)
                [!provide]                        PROVIDE (TB0CCR5 = 0x3dc)
                [!provide]                        PROVIDE (TB0CCR5_L = 0x3dc)
                [!provide]                        PROVIDE (TB0CCR5_H = 0x3dd)
                [!provide]                        PROVIDE (TB0CCR6 = 0x3de)
                [!provide]                        PROVIDE (TB0CCR6_L = 0x3de)
                [!provide]                        PROVIDE (TB0CCR6_H = 0x3df)
                [!provide]                        PROVIDE (TB0EX0 = 0x3e0)
                [!provide]                        PROVIDE (TB0EX0_L = 0x3e0)
                [!provide]                        PROVIDE (TB0EX0_H = 0x3e1)
                [!provide]                        PROVIDE (TB0IV = 0x3ee)
                [!provide]                        PROVIDE (TB0IV_L = 0x3ee)
                [!provide]                        PROVIDE (TB0IV_H = 0x3ef)
                [!provide]                        PROVIDE (WDTCTL = 0x15c)
                [!provide]                        PROVIDE (WDTCTL_L = 0x15c)
                [!provide]                        PROVIDE (WDTCTL_H = 0x15d)
                [!provide]                        PROVIDE (UCA0CTLW0 = 0x5c0)
                [!provide]                        PROVIDE (UCA0CTLW0_L = 0x5c0)
                [!provide]                        PROVIDE (UCA0CTLW0_H = 0x5c1)
                [!provide]                        PROVIDE (UCA0CTLW1 = 0x5c2)
                [!provide]                        PROVIDE (UCA0CTLW1_L = 0x5c2)
                [!provide]                        PROVIDE (UCA0CTLW1_H = 0x5c3)
                [!provide]                        PROVIDE (UCA0BRW = 0x5c6)
                [!provide]                        PROVIDE (UCA0BRW_L = 0x5c6)
                [!provide]                        PROVIDE (UCA0BRW_H = 0x5c7)
                [!provide]                        PROVIDE (UCA0MCTLW = 0x5c8)
                [!provide]                        PROVIDE (UCA0MCTLW_L = 0x5c8)
                [!provide]                        PROVIDE (UCA0MCTLW_H = 0x5c9)
                [!provide]                        PROVIDE (UCA0STATW = 0x5ca)
                [!provide]                        PROVIDE (UCA0STATW_L = 0x5ca)
                [!provide]                        PROVIDE (UCA0STATW_H = 0x5cb)
                [!provide]                        PROVIDE (UCA0RXBUF = 0x5cc)
                [!provide]                        PROVIDE (UCA0RXBUF_L = 0x5cc)
                [!provide]                        PROVIDE (UCA0RXBUF_H = 0x5cd)
                [!provide]                        PROVIDE (UCA0TXBUF = 0x5ce)
                [!provide]                        PROVIDE (UCA0TXBUF_L = 0x5ce)
                [!provide]                        PROVIDE (UCA0TXBUF_H = 0x5cf)
                [!provide]                        PROVIDE (UCA0ABCTL = 0x5d0)
                [!provide]                        PROVIDE (UCA0ABCTL_L = 0x5d0)
                [!provide]                        PROVIDE (UCA0ABCTL_H = 0x5d1)
                [!provide]                        PROVIDE (UCA0IRCTL = 0x5d2)
                [!provide]                        PROVIDE (UCA0IRCTL_L = 0x5d2)
                [!provide]                        PROVIDE (UCA0IRCTL_H = 0x5d3)
                [!provide]                        PROVIDE (UCA0IE = 0x5da)
                [!provide]                        PROVIDE (UCA0IE_L = 0x5da)
                [!provide]                        PROVIDE (UCA0IE_H = 0x5db)
                [!provide]                        PROVIDE (UCA0IFG = 0x5dc)
                [!provide]                        PROVIDE (UCA0IFG_L = 0x5dc)
                [!provide]                        PROVIDE (UCA0IFG_H = 0x5dd)
                [!provide]                        PROVIDE (UCA0IV = 0x5de)
                [!provide]                        PROVIDE (UCA0IV_L = 0x5de)
                [!provide]                        PROVIDE (UCA0IV_H = 0x5df)
                [!provide]                        PROVIDE (UCA1CTLW0 = 0x5e0)
                [!provide]                        PROVIDE (UCA1CTLW0_L = 0x5e0)
                [!provide]                        PROVIDE (UCA1CTLW0_H = 0x5e1)
                [!provide]                        PROVIDE (UCA1CTLW1 = 0x5e2)
                [!provide]                        PROVIDE (UCA1CTLW1_L = 0x5e2)
                [!provide]                        PROVIDE (UCA1CTLW1_H = 0x5e3)
                [!provide]                        PROVIDE (UCA1BRW = 0x5e6)
                [!provide]                        PROVIDE (UCA1BRW_L = 0x5e6)
                [!provide]                        PROVIDE (UCA1BRW_H = 0x5e7)
                [!provide]                        PROVIDE (UCA1MCTLW = 0x5e8)
                [!provide]                        PROVIDE (UCA1MCTLW_L = 0x5e8)
                [!provide]                        PROVIDE (UCA1MCTLW_H = 0x5e9)
                [!provide]                        PROVIDE (UCA1STATW = 0x5ea)
                [!provide]                        PROVIDE (UCA1STATW_L = 0x5ea)